daily run 2026-09-09

=== postgame replay for 2026-09-08 === 01:02:01Z

===========================================================================
DAILY POST-GAME REPLAY
===========================================================================
Target game date: 2026-09-08
Model version: rf_v1
Feature version: kg4_v1
Evaluation version: postgame_v1

Loading project components...

Getting MLB starters for 2026-09-08...
Found 30 starting-pitcher records.

---------------------------------------------------------------------------
[1/30] Tanner Bibee
Game PK: 824792
Opponent: Baltimore Orioles
Game status: Final

SUCCESS
Pitches: 62
Model accuracy: 33.87%
Stratified baseline: 14.52%
Absolute lift: +19.35 pp
Relative improvement: +133.33%
Saved to cumulative performance history.

---------------------------------------------------------------------------
[2/30] Brandon Young
Game PK: 824792
Opponent: Cleveland Guardians
Game status: Final

SUCCESS
Pitches: 86
Model accuracy: 50.00%
Stratified baseline: 24.42%
Absolute lift: +25.58 pp
Relative improvement: +104.76%
Saved to cumulative performance history.

---------------------------------------------------------------------------
[3/30] Dean Kremer
Game PK: 824228
Opponent: Detroit Tigers
Game status: Final

SUCCESS
Pitches: 69
Model accuracy: 49.28%
Stratified baseline: 20.29%
Absolute lift: +28.99 pp
Relative improvement: +142.86%
Saved to cumulative performance history.

---------------------------------------------------------------------------
[4/30] Drew Anderson
Game PK: 824228
Opponent: Minnesota Twins
Game status: Final

SUCCESS
Pitches: 86
Model accuracy: 50.00%
Stratified baseline: 32.56%
Absolute lift: +17.44 pp
Relative improvement: +53.57%
Saved to cumulative performance history.

---------------------------------------------------------------------------
[5/30] Hayden Wesneski
Game PK: 823414
Opponent: Philadelphia Phillies
Game status: Final

SUCCESS
Pitches: 82
Model accuracy: 26.83%
Stratified baseline: 21.95%
Absolute lift: +4.88 pp
Relative improvement: +22.22%
Saved to cumulative performance history.

---------------------------------------------------------------------------
[6/30] Andrew Painter
Game PK: 823414
Opponent: Houston Astros
Game status: Final

SUCCESS
Pitches: 98
Model accuracy: 23.47%
Stratified baseline: 15.31%
Absolute lift: +8.16 pp
Relative improvement: +53.33%
Saved to cumulative performance history.

---------------------------------------------------------------------------
[7/30] Sean Manaea
Game PK: 823821
Opponent: Miami Marlins
Game status: Final

SUCCESS
Pitches: 61
Model accuracy: 34.43%
Stratified baseline: 16.39%
Absolute lift: +18.03 pp
Relative improvement: +110.00%
Saved to cumulative performance history.

---------------------------------------------------------------------------
[8/30] Sandy Alcantara
Game PK: 823821
Opponent: New York Mets
Game status: Final

SUCCESS
Pitches: 99
Model accuracy: 25.25%
Stratified baseline: 13.13%
Absolute lift: +12.12 pp
Relative improvement: +92.31%
Saved to cumulative performance history.

---------------------------------------------------------------------------
[9/30] Reid Detmers
Game PK: 824714
Opponent: Boston Red Sox
Game status: Final

SUCCESS
Pitches: 112
Model accuracy: 50.89%
Stratified baseline: 32.14%
Absolute lift: +18.75 pp
Relative improvement: +58.33%
Saved to cumulative performance history.

---------------------------------------------------------------------------
[10/30] Patrick Sandoval
Game PK: 824714
Opponent: Los Angeles Angels
Game status: Final

SUCCESS
Pitches: 99
Model accuracy: 50.51%
Stratified baseline: 19.19%
Absolute lift: +31.31 pp
Relative improvement: +163.16%
Saved to cumulative performance history.

---------------------------------------------------------------------------
[11/30] Gabriel Hughes
Game PK: 823500
Opponent: New York Yankees
Game status: Final

SUCCESS
Pitches: 79
Model accuracy: 34.18%
Stratified baseline: 25.32%
Absolute lift: +8.86 pp
Relative improvement: +35.00%
Saved to cumulative performance history.

---------------------------------------------------------------------------
[12/30] Cam Schlittler
Game PK: 823500
Opponent: Colorado Rockies
Game status: Final

SUCCESS
Pitches: 96
Model accuracy: 48.96%
Stratified baseline: 32.29%
Absolute lift: +16.67 pp
Relative improvement: +51.61%
Saved to cumulative performance history.

---------------------------------------------------------------------------
[13/30] Freddy Peralta
Game PK: 824875
Opponent: Atlanta Braves
Game status: Final

SUCCESS
Pitches: 92
Model accuracy: 64.13%
Stratified baseline: 50.00%
Absolute lift: +14.13 pp
Relative improvement: +28.26%
Saved to cumulative performance history.

---------------------------------------------------------------------------
[14/30] AJ Smith-Shawver
Game PK: 824875
Opponent: Tampa Bay Rays
Game status: Final

SUCCESS
Pitches: 81
Model accuracy: 49.38%
Stratified baseline: 27.16%
Absolute lift: +22.22 pp
Relative improvement: +81.82%
Saved to cumulative performance history.

---------------------------------------------------------------------------
[15/30] Corbin Burnes
Game PK: 824063
Opponent: Kansas City Royals
Game status: Final

SUCCESS
Pitches: 57
Model accuracy: 56.14%
Stratified baseline: 31.58%
Absolute lift: +24.56 pp
Relative improvement: +77.78%
Saved to cumulative performance history.

---------------------------------------------------------------------------
[16/30] Michael Wacha
Game PK: 824063
Opponent: Arizona Diamondbacks
Game status: Final

SUCCESS
Pitches: 93
Model accuracy: 41.94%
Stratified baseline: 18.28%
Absolute lift: +23.66 pp
Relative improvement: +129.41%
Saved to cumulative performance history.

---------------------------------------------------------------------------
[17/30] Bubba Chandler
Game PK: 824551
Opponent: Chicago White Sox
Game status: Final

SUCCESS
Pitches: 95
Model accuracy: 51.58%
Stratified baseline: 31.58%
Absolute lift: +20.00 pp
Relative improvement: +63.33%
Saved to cumulative performance history.

---------------------------------------------------------------------------
[18/30] Sean Burke
Game PK: 824551
Opponent: Pittsburgh Pirates
Game status: Final

SUCCESS
Pitches: 48
Model accuracy: 35.42%
Stratified baseline: 18.75%
Absolute lift: +16.67 pp
Relative improvement: +88.89%
Saved to cumulative performance history.

---------------------------------------------------------------------------
[19/30] David Peterson
Game PK: 823738
Opponent: Milwaukee Brewers
Game status: Final

SUCCESS
Pitches: 83
Model accuracy: 39.76%
Stratified baseline: 30.12%
Absolute lift: +9.64 pp
Relative improvement: +32.00%
Saved to cumulative performance history.

---------------------------------------------------------------------------
[20/30] Jacob Misiorowski
Game PK: 823738
Opponent: Chicago Cubs
Game status: Final

SUCCESS
Pitches: 93
Model accuracy: 67.74%
Stratified baseline: 40.86%
Absolute lift: +26.88 pp
Relative improvement: +65.79%
Saved to cumulative performance history.

---------------------------------------------------------------------------
[21/30] Riley Cornelio
Game PK: 823250
Opponent: San Diego Padres
Game status: Final

SUCCESS
Pitches: 36
Model accuracy: 38.89%
Stratified baseline: 38.89%
Absolute lift: +0.00 pp
Relative improvement: +0.00%
Saved to cumulative performance history.

---------------------------------------------------------------------------
[22/30] Casey Mize
Game PK: 823250
Opponent: Washington Nationals
Game status: Final

SUCCESS
Pitches: 90
Model accuracy: 44.44%
Stratified baseline: 24.44%
Absolute lift: +20.00 pp
Relative improvement: +81.82%
Saved to cumulative performance history.

---------------------------------------------------------------------------
[23/30] Cal Quantrill
Game PK: 823092
Opponent: Seattle Mariners
Game status: Final

SUCCESS
Pitches: 93
Model accuracy: 34.41%
Stratified baseline: 17.20%
Absolute lift: +17.20 pp
Relative improvement: +100.00%
Saved to cumulative performance history.

---------------------------------------------------------------------------
[24/30] Bryce Miller
Game PK: 823092
Opponent: Texas Rangers
Game status: Final

SUCCESS
Pitches: 84
Model accuracy: 50.00%
Stratified baseline: 23.81%
Absolute lift: +26.19 pp
Relative improvement: +110.00%
Saved to cumulative performance history.

---------------------------------------------------------------------------
[25/30] José Soriano
Game PK: 824957
Opponent: Athletics
Game status: Final

SUCCESS
Pitches: 89
Model accuracy: 43.82%
Stratified baseline: 31.46%
Absolute lift: +12.36 pp
Relative improvement: +39.29%
Saved to cumulative performance history.

---------------------------------------------------------------------------
[26/30] Jack Perkins
Game PK: 824957
Opponent: Toronto Blue Jays
Game status: Final

SUCCESS
Pitches: 85
Model accuracy: 25.88%
Stratified baseline: 22.35%
Absolute lift: +3.53 pp
Relative improvement: +15.79%
Saved to cumulative performance history.

---------------------------------------------------------------------------
[27/30] Quinn Mathews
Game PK: 823174
Opponent: San Francisco Giants
Game status: Final

SUCCESS
Pitches: 99
Model accuracy: 31.31%
Stratified baseline: 20.20%
Absolute lift: +11.11 pp
Relative improvement: +55.00%
Saved to cumulative performance history.

---------------------------------------------------------------------------
[28/30] Landen Roupp
Game PK: 823174
Opponent: St. Louis Cardinals
Game status: Final

SUCCESS
Pitches: 81
Model accuracy: 37.04%
Stratified baseline: 12.35%
Absolute lift: +24.69 pp
Relative improvement: +200.00%
Saved to cumulative performance history.

---------------------------------------------------------------------------
[29/30] Nick Lodolo
Game PK: 823901
Opponent: Los Angeles Dodgers
Game status: Final

SUCCESS
Pitches: 97
Model accuracy: 34.02%
Stratified baseline: 27.84%
Absolute lift: +6.19 pp
Relative improvement: +22.22%
Saved to cumulative performance history.

---------------------------------------------------------------------------
[30/30] Tarik Skubal
Game PK: 823901
Opponent: Cincinnati Reds
Game status: Final

SUCCESS
Pitches: 94
Model accuracy: 51.06%
Stratified baseline: 24.47%
Absolute lift: +26.60 pp
Relative improvement: +108.70%
Saved to cumulative performance history.


===========================================================================
DAILY POST-GAME SUMMARY
===========================================================================
Game date: 2026-09-08

Successful replays: 30
Statcast not ready: 0
Failed: 0
Games not final: 0

Total pitches predicted: 2519
Overall model accuracy: 42.72%
Overall stratified baseline: 25.33%
Overall absolute lift: +17.39 pp
Overall relative improvement: +68.65%

Model version: rf_v1
Feature version: kg4_v1
Evaluation version: postgame_v1

Daily CSV: Data/daily_pipeline/predictions/postgame/2026-09-08/daily_summary.csv
Daily JSON: Data/daily_pipeline/predictions/postgame/2026-09-08/daily_summary.json
Cumulative history: Data/daily_pipeline/performance_history.csv
    ok

=== daily pipeline for 2026-09-09 === 01:04:16Z
/Users/jonlee/Desktop/Projects/Predicting-Baseball-Pitches/pitch_prediction/pipeline.py:752: FutureWarning: The behavior of DataFrame concatenation with empty or all-NA entries is deprecated. In a future version, this will no longer exclude empty or all-NA columns when determining the result dtypes. To retain the old behavior, exclude the relevant entries before the concat operation.
  pd.concat(
/Users/jonlee/Desktop/Projects/Predicting-Baseball-Pitches/pitch_prediction/pipeline.py:752: FutureWarning: The behavior of DataFrame concatenation with empty or all-NA entries is deprecated. In a future version, this will no longer exclude empty or all-NA columns when determining the result dtypes. To retain the old behavior, exclude the relevant entries before the concat operation.
  pd.concat(
Pipeline complete: /Users/jonlee/Desktop/Projects/Predicting-Baseball-Pitches/Data/daily_pipeline/runs/2026-09-09/manifest.json
    ok

=== live models for 2026-09-09 === 01:09:11Z
Training live-compatible models for 30 starters on 2026-09-09, withholding 11 late columns.
  [ok]   Reynaldo López (625643): 14,876 pitches, test 55.2% vs baseline 40.1%

trained 1, skipped 29, failed 0
models: Data/daily_pipeline/models/2026-09-09/pitchers_live
    ok

=== rebuild README results === 01:09:25Z
wrote /Users/jonlee/Desktop/Projects/Predicting-Baseball-Pitches/Docs/assets/recent_performance_light.png
wrote /Users/jonlee/Desktop/Projects/Predicting-Baseball-Pitches/Docs/assets/recent_performance_dark.png
updated /Users/jonlee/Desktop/Projects/Predicting-Baseball-Pitches/README.md
    ok

=== prune old models (keeping 30 days) === 01:09:32Z
models directory: 8.24 GB
keeping dates after 2026-08-10

  keep  2026-08-18      1293 MB  (within window)
  keep  2026-08-19      1849 MB  (within window)
  keep  2026-08-20       928 MB  (within window)
  keep  2026-09-08      3386 MB  (within window)
  keep  2026-09-09       787 MB  (within window)

freed 0.00 GB
retained 8.24 GB
    ok

done 01:09:33Z — log: Data/daily_pipeline/logs/daily_2026-09-09.log
